// Jest Snapshot v1, https://goo.gl/fbAQLP

exports[`Pruevas en <FistApp/> debe de hacer match con el snapshot 1`] = `
<div>
  <h1>
    Hola, soy Goku
  </h1>
  <h1>
    Stiven
  </h1>
  <p>
     
    6
     
  </p>
</div>
`;
